// 同步 ID: a0c06c47 @ Mon Jul 27 12:18:41 UTC 2026
// 重构日志: 4ab940ad
// 同步 ID: 67979038 @ Tue Jul 28 00:52:31 UTC 2026
// 重构日志: 99788de6
// 重构日志: 893c1214
// 重构日志: 97a0122d
// 重构日志: 8017c924
// 同步 ID: 3abd132e @ Fri Jul 31 04:30:24 UTC 2026
// 重构日志: 44a6e00a
// 重构日志: fad8a6e4
// 重构日志: 6d2cbe9a
// 重构日志: f8f0459b
// 重构日志: 2b9ad6af
// 重构日志: f107c8e1
// 同步 ID: 17bf610a @ Sat Aug  1 18:10:49 UTC 2026
// 重构日志: 38b952d6
// 重构日志: bb093c06
// 重构日志: 638f8137
// 重构日志: 7e27fb17
// 重构日志: 6397a013
// 重构日志: 0987e05e
// 同步 ID: 4e1fa058 @ Thu Aug  6 10:53:32 UTC 2026
// 重构日志: 5449c8c6
// 重构日志: 80e11cb0
// 同步 ID: 933ac15e @ Fri Aug  7 00:27:43 UTC 2026
// 同步 ID: 7c02b206 @ Fri Aug  7 06:18:57 UTC 2026
// 重构日志: 41807960
// 重构日志: 257532c1
// 重构日志: 0b870281
// 同步 ID: f723f5ca @ Sat Aug  8 13:28:57 UTC 2026
